VCD info: dumpfile dump.vcd opened for output.
clk=1 rst_n=0 DC=00 SW[7:0]=0f HEX0=40 HEX1=40 HEX2=Xx HEX3=Xx HEX4=c0 HEX5=c0 w_we=0001 data_in_reg=00 read_addr_reg=0 write_addr_reg=0 data_out=xx
clk=1 rst_n=1 DC=00 SW[7:0]=0f HEX0=40 HEX1=40 HEX2=Xx HEX3=Xx HEX4=c0 HEX5=c0 w_we=0001 data_in_reg=00 read_addr_reg=0 write_addr_reg=0 data_out=xx
clk=0 rst_n=1 DC=00 SW[7:0]=0f HEX0=40 HEX1=40 HEX2=Xx HEX3=Xx HEX4=c0 HEX5=c0 w_we=0001 data_in_reg=00 read_addr_reg=0 write_addr_reg=0 data_out=xx
clk=1 rst_n=1 DC=00 SW[7:0]=0f HEX0=0e HEX1=40 HEX2=Xx HEX3=Xx HEX4=c0 HEX5=c0 w_we=0001 data_in_reg=0f read_addr_reg=0 write_addr_reg=0 data_out=xx
clk=0 rst_n=1 DC=10 SW[7:0]=00 HEX0=8e HEX1=c0 HEX2=Xx HEX3=Xx HEX4=c0 HEX5=40 w_we=0100 data_in_reg=0f read_addr_reg=0 write_addr_reg=0 data_out=xx
clk=1 rst_n=1 DC=10 SW[7:0]=00 HEX0=8e HEX1=c0 HEX2=Xx HEX3=Xx HEX4=c0 HEX5=40 w_we=0100 data_in_reg=0f read_addr_reg=0 write_addr_reg=0 data_out=xx
clk=0 rst_n=1 DC=11 SW[7:0]=00 HEX0=8e HEX1=c0 HEX2=Xx HEX3=Xx HEX4=c0 HEX5=c0 w_we=1000 data_in_reg=0f read_addr_reg=0 write_addr_reg=0 data_out=xx
clk=1 rst_n=1 DC=11 SW[7:0]=00 HEX0=8e HEX1=c0 HEX2=Xx HEX3=Xx HEX4=c0 HEX5=c0 w_we=1000 data_in_reg=0f read_addr_reg=0 write_addr_reg=0 data_out=xx
clk=0 rst_n=1 DC=10 SW[7:0]=01 HEX0=8e HEX1=c0 HEX2=Xx HEX3=Xx HEX4=c0 HEX5=40 w_we=0100 data_in_reg=0f read_addr_reg=0 write_addr_reg=0 data_out=xx
clk=1 rst_n=1 DC=10 SW[7:0]=01 HEX0=8e HEX1=c0 HEX2=8e HEX3=c0 HEX4=c0 HEX5=79 w_we=0100 data_in_reg=0f read_addr_reg=0 write_addr_reg=1 data_out=0f
clk=0 rst_n=1 DC=11 SW[7:0]=01 HEX0=8e HEX1=c0 HEX2=0e HEX3=40 HEX4=c0 HEX5=f9 w_we=1000 data_in_reg=0f read_addr_reg=0 write_addr_reg=1 data_out=0f
clk=1 rst_n=1 DC=11 SW[7:0]=01 HEX0=8e HEX1=c0 HEX2=0e HEX3=40 HEX4=c0 HEX5=f9 w_we=1000 data_in_reg=0f read_addr_reg=0 write_addr_reg=1 data_out=0f
clk=0 rst_n=1 DC=10 SW[7:0]=02 HEX0=8e HEX1=c0 HEX2=8e HEX3=c0 HEX4=c0 HEX5=79 w_we=0100 data_in_reg=0f read_addr_reg=0 write_addr_reg=1 data_out=0f
clk=1 rst_n=1 DC=10 SW[7:0]=02 HEX0=8e HEX1=c0 HEX2=8e HEX3=c0 HEX4=c0 HEX5=24 w_we=0100 data_in_reg=0f read_addr_reg=0 write_addr_reg=2 data_out=0f
clk=0 rst_n=1 DC=11 SW[7:0]=02 HEX0=8e HEX1=c0 HEX2=0e HEX3=40 HEX4=c0 HEX5=a4 w_we=1000 data_in_reg=0f read_addr_reg=0 write_addr_reg=2 data_out=0f
clk=1 rst_n=1 DC=11 SW[7:0]=02 HEX0=8e HEX1=c0 HEX2=0e HEX3=40 HEX4=c0 HEX5=a4 w_we=1000 data_in_reg=0f read_addr_reg=0 write_addr_reg=2 data_out=0f
clk=0 rst_n=1 DC=01 SW[7:0]=00 HEX0=8e HEX1=c0 HEX2=8e HEX3=c0 HEX4=40 HEX5=a4 w_we=0010 data_in_reg=0f read_addr_reg=0 write_addr_reg=2 data_out=0f
clk=1 rst_n=1 DC=01 SW[7:0]=00 HEX0=8e HEX1=c0 HEX2=8e HEX3=c0 HEX4=40 HEX5=a4 w_we=0010 data_in_reg=0f read_addr_reg=0 write_addr_reg=2 data_out=0f
clk=0 rst_n=1 DC=01 SW[7:0]=01 HEX0=8e HEX1=c0 HEX2=8e HEX3=c0 HEX4=40 HEX5=a4 w_we=0010 data_in_reg=0f read_addr_reg=0 write_addr_reg=2 data_out=0f
clk=1 rst_n=1 DC=01 SW[7:0]=01 HEX0=8e HEX1=c0 HEX2=8e HEX3=c0 HEX4=79 HEX5=a4 w_we=0010 data_in_reg=0f read_addr_reg=1 write_addr_reg=2 data_out=0f
clk=0 rst_n=1 DC=01 SW[7:0]=02 HEX0=8e HEX1=c0 HEX2=8e HEX3=c0 HEX4=79 HEX5=a4 w_we=0010 data_in_reg=0f read_addr_reg=1 write_addr_reg=2 data_out=0f
clk=1 rst_n=1 DC=01 SW[7:0]=02 HEX0=8e HEX1=c0 HEX2=8e HEX3=c0 HEX4=24 HEX5=a4 w_we=0010 data_in_reg=0f read_addr_reg=2 write_addr_reg=2 data_out=0f
clk=0 rst_n=1 DC=00 SW[7:0]=aa HEX0=0e HEX1=40 HEX2=8e HEX3=c0 HEX4=a4 HEX5=a4 w_we=0001 data_in_reg=0f read_addr_reg=2 write_addr_reg=2 data_out=0f
clk=1 rst_n=1 DC=00 SW[7:0]=aa HEX0=08 HEX1=08 HEX2=8e HEX3=c0 HEX4=a4 HEX5=a4 w_we=0001 data_in_reg=aa read_addr_reg=2 write_addr_reg=2 data_out=0f
clk=0 rst_n=1 DC=10 SW[7:0]=01 HEX0=88 HEX1=88 HEX2=8e HEX3=c0 HEX4=a4 HEX5=24 w_we=0100 data_in_reg=aa read_addr_reg=2 write_addr_reg=2 data_out=0f
clk=1 rst_n=1 DC=10 SW[7:0]=01 HEX0=88 HEX1=88 HEX2=8e HEX3=c0 HEX4=a4 HEX5=79 w_we=0100 data_in_reg=aa read_addr_reg=2 write_addr_reg=1 data_out=0f
clk=0 rst_n=1 DC=01 SW[7:0]=01 HEX0=88 HEX1=88 HEX2=8e HEX3=c0 HEX4=24 HEX5=f9 w_we=0010 data_in_reg=aa read_addr_reg=2 write_addr_reg=1 data_out=0f
clk=1 rst_n=1 DC=01 SW[7:0]=01 HEX0=88 HEX1=88 HEX2=8e HEX3=c0 HEX4=79 HEX5=f9 w_we=0010 data_in_reg=aa read_addr_reg=1 write_addr_reg=1 data_out=0f
clk=0 rst_n=1 DC=11 SW[7:0]=01 HEX0=88 HEX1=88 HEX2=0e HEX3=40 HEX4=f9 HEX5=f9 w_we=1000 data_in_reg=aa read_addr_reg=1 write_addr_reg=1 data_out=0f
clk=1 rst_n=1 DC=11 SW[7:0]=01 HEX0=88 HEX1=88 HEX2=0e HEX3=40 HEX4=f9 HEX5=f9 w_we=1000 data_in_reg=aa read_addr_reg=1 write_addr_reg=1 data_out=0f
clk=0 rst_n=1 DC=11 SW[7:0]=01 HEX0=88 HEX1=88 HEX2=0e HEX3=40 HEX4=f9 HEX5=f9 w_we=1000 data_in_reg=aa read_addr_reg=1 write_addr_reg=1 data_out=0f
clk=1 rst_n=1 DC=11 SW[7:0]=01 HEX0=88 HEX1=88 HEX2=08 HEX3=08 HEX4=f9 HEX5=f9 w_we=1000 data_in_reg=aa read_addr_reg=1 write_addr_reg=1 data_out=aa
clk=0 rst_n=1 DC=11 SW[7:0]=01 HEX0=88 HEX1=88 HEX2=08 HEX3=08 HEX4=f9 HEX5=f9 w_we=1000 data_in_reg=aa read_addr_reg=1 write_addr_reg=1 data_out=aa
clk=1 rst_n=1 DC=11 SW[7:0]=01 HEX0=88 HEX1=88 HEX2=08 HEX3=08 HEX4=f9 HEX5=f9 w_we=1000 data_in_reg=aa read_addr_reg=1 write_addr_reg=1 data_out=aa
clk=0 rst_n=1 DC=11 SW[7:0]=01 HEX0=88 HEX1=88 HEX2=08 HEX3=08 HEX4=f9 HEX5=f9 w_we=1000 data_in_reg=aa read_addr_reg=1 write_addr_reg=1 data_out=aa
clk=1 rst_n=1 DC=11 SW[7:0]=01 HEX0=88 HEX1=88 HEX2=08 HEX3=08 HEX4=f9 HEX5=f9 w_we=1000 data_in_reg=aa read_addr_reg=1 write_addr_reg=1 data_out=aa
clk=0 rst_n=1 DC=11 SW[7:0]=01 HEX0=88 HEX1=88 HEX2=08 HEX3=08 HEX4=f9 HEX5=f9 w_we=1000 data_in_reg=aa read_addr_reg=1 write_addr_reg=1 data_out=aa
clk=1 rst_n=1 DC=11 SW[7:0]=01 HEX0=88 HEX1=88 HEX2=08 HEX3=08 HEX4=f9 HEX5=f9 w_we=1000 data_in_reg=aa read_addr_reg=1 write_addr_reg=1 data_out=aa
clk=0 rst_n=1 DC=11 SW[7:0]=01 HEX0=88 HEX1=88 HEX2=08 HEX3=08 HEX4=f9 HEX5=f9 w_we=1000 data_in_reg=aa read_addr_reg=1 write_addr_reg=1 data_out=aa
..\testbench.v:84: $finish called at 760 (1ns)
clk=1 rst_n=1 DC=11 SW[7:0]=01 HEX0=88 HEX1=88 HEX2=08 HEX3=08 HEX4=f9 HEX5=f9 w_we=1000 data_in_reg=aa read_addr_reg=1 write_addr_reg=1 data_out=aa
