------------------------------------------------------------
Timing Analyzer Summary
------------------------------------------------------------

Type  : Slow 1100mV 85C Model Setup 'clk'
Slack : -0.365
TNS   : -2.243

Type  : Slow 1100mV 85C Model Hold 'clk'
Slack : 0.507
TNS   : 0.000

Type  : Slow 1100mV 85C Model Minimum Pulse Width 'clk'
Slack : -0.724
TNS   : -8.927

Type  : Slow 1100mV 0C Model Setup 'clk'
Slack : -0.272
TNS   : -1.667

Type  : Slow 1100mV 0C Model Hold 'clk'
Slack : 0.488
TNS   : 0.000

Type  : Slow 1100mV 0C Model Minimum Pulse Width 'clk'
Slack : -0.724
TNS   : -9.013

Type  : Fast 1100mV 85C Model Setup 'clk'
Slack : 0.378
TNS   : 0.000

Type  : Fast 1100mV 85C Model Hold 'clk'
Slack : 0.234
TNS   : 0.000

Type  : Fast 1100mV 85C Model Minimum Pulse Width 'clk'
Slack : -0.082
TNS   : -0.650

Type  : Fast 1100mV 0C Model Setup 'clk'
Slack : 0.427
TNS   : 0.000

Type  : Fast 1100mV 0C Model Hold 'clk'
Slack : 0.208
TNS   : 0.000

Type  : Fast 1100mV 0C Model Minimum Pulse Width 'clk'
Slack : -0.082
TNS   : -0.650

------------------------------------------------------------
